// Jest Snapshot v1, https://goo.gl/fbAQLP

exports[`Dropdown with options 1`] = `
<div
  className="drop-down"
>
  <div
    className="drop-down__label"
    onClick={[Function]}
  >
    <h2>
      Test
    </h2>
  </div>
</div>
`;
